// Jest Snapshot v1, https://goo.gl/fbAQLP

exports[`Pruebas en <HeroScreen /> Debe de mostrar el componente <Redirect /> si no hay argumentos en la URL 1`] = `""`;
